// Jest Snapshot v1, https://goo.gl/fbAQLP

exports[`renders properly 1`] = `
<View
  enabled={true}
  keyboardVerticalOffset={15}
  onLayout={[Function]}
  style={
    Array [
      Object {
        "flex": 1,
      },
      Object {
        "paddingBottom": 0,
      },
    ]
  }
>
  <Image
    accessibilityComponentType={undefined}
    accessibilityLabel={undefined}
    accessibilityTraits={undefined}
    accessible={true}
    hitSlop={undefined}
    left={10}
    nativeID={undefined}
    onLayout={undefined}
    onResponderGrant={[Function]}
    onResponderMove={[Function]}
    onResponderRelease={[Function]}
    onResponderTerminate={[Function]}
    onResponderTerminationRequest={[Function]}
    onStartShouldSetResponder={[Function]}
    position="absolute"
    source={
      Object {
        "testUri": "../../../images/angle-left.png",
      }
    }
    style={
      Array [
        Object {
          "position": "absolute",
        },
        Object {
          "zIndex": 10,
        },
      ]
    }
    testID={undefined}
    top={10}
  />
  <RCTScrollView>
    <View>
      <View
        flex={1}
        flexDirection="column"
        justifyContent="space-between"
        m={4}
        style={
          Array [
            Object {
              "flexBasis": 0,
              "flexGrow": 1,
              "flexShrink": 1,
              "marginBottom": 20,
              "marginLeft": 20,
              "marginRight": 20,
              "marginTop": 20,
            },
            undefined,
          ]
        }
      >
        <Text
          accessible={true}
          allowFontScaling={true}
          ellipsizeMode="tail"
          fontSize={5}
          lineHeight={7}
          m={4}
          mb={6}
          mt={0}
          style={
            Array [
              Object {
                "fontFamily": "AGaramondPro-Semibold",
                "fontSize": 22,
                "lineHeight": 28,
                "marginBottom": 40,
                "marginLeft": 20,
                "marginRight": 20,
                "marginTop": 0,
                "textAlign": "center",
              },
              undefined,
            ]
          }
          textAlign="center"
        >
          Your billing address
        </Text>
        <View
          mb={4}
          style={
            Array [
              Object {
                "marginBottom": 20,
              },
              undefined,
            ]
          }
        >
          <Text
            accessible={true}
            allowFontScaling={true}
            ellipsizeMode="tail"
            fontSize={3}
            lineHeight={5}
            mb={2}
            style={
              Array [
                Object {
                  "fontFamily": "AGaramondPro-Regular",
                  "fontSize": 16,
                  "lineHeight": 24,
                  "marginBottom": 5,
                },
                undefined,
              ]
            }
          >
            Full name
          </Text>
          <TextInput
            allowFontScaling={true}
            autoCapitalize="words"
            autoFocus={true}
            border={1}
            borderColor="black10"
            error={false}
            fontSize={3}
            inputRef={[Function]}
            mb={3}
            onBlur={[Function]}
            onChangeText={[Function]}
            onFocus={[Function]}
            onSubmitEditing={[Function]}
            p={3}
            pb={2}
            placeholder="Add your full name"
            returnKeyType="next"
            style={
              Array [
                Object {
                  "borderColor": "#E5E5E5",
                  "borderStyle": "solid",
                  "borderWidth": 1,
                  "fontFamily": "AGaramondPro-Regular",
                  "fontSize": 16,
                  "height": 40,
                  "marginBottom": 10,
                  "paddingBottom": 5,
                  "paddingLeft": 10,
                  "paddingRight": 10,
                  "paddingTop": 10,
                },
                undefined,
              ]
            }
            value={undefined}
          />
        </View>
        <View
          mb={4}
          style={
            Array [
              Object {
                "marginBottom": 20,
              },
              undefined,
            ]
          }
        >
          <Text
            accessible={true}
            allowFontScaling={true}
            ellipsizeMode="tail"
            fontSize={3}
            lineHeight={5}
            mb={2}
            style={
              Array [
                Object {
                  "fontFamily": "AGaramondPro-Regular",
                  "fontSize": 16,
                  "lineHeight": 24,
                  "marginBottom": 5,
                },
                undefined,
              ]
            }
          >
            Address line 1
          </Text>
          <TextInput
            allowFontScaling={true}
            autoCapitalize="words"
            border={1}
            borderColor="black10"
            error={false}
            fontSize={3}
            inputRef={[Function]}
            mb={3}
            onBlur={[Function]}
            onChangeText={[Function]}
            onFocus={[Function]}
            onSubmitEditing={[Function]}
            p={3}
            pb={2}
            placeholder="Add your street address"
            returnKeyType="next"
            style={
              Array [
                Object {
                  "borderColor": "#E5E5E5",
                  "borderStyle": "solid",
                  "borderWidth": 1,
                  "fontFamily": "AGaramondPro-Regular",
                  "fontSize": 16,
                  "height": 40,
                  "marginBottom": 10,
                  "paddingBottom": 5,
                  "paddingLeft": 10,
                  "paddingRight": 10,
                  "paddingTop": 10,
                },
                undefined,
              ]
            }
            value={undefined}
          />
        </View>
        <View
          mb={4}
          style={
            Array [
              Object {
                "marginBottom": 20,
              },
              undefined,
            ]
          }
        >
          <Text
            accessible={true}
            allowFontScaling={true}
            ellipsizeMode="tail"
            fontSize={3}
            lineHeight={5}
            mb={2}
            style={
              Array [
                Object {
                  "fontFamily": "AGaramondPro-Regular",
                  "fontSize": 16,
                  "lineHeight": 24,
                  "marginBottom": 5,
                },
                undefined,
              ]
            }
          >
            Address line 2 (optional)
          </Text>
          <TextInput
            allowFontScaling={true}
            autoCapitalize="words"
            border={1}
            borderColor="black10"
            error={false}
            fontSize={3}
            inputRef={[Function]}
            mb={3}
            onBlur={[Function]}
            onChangeText={[Function]}
            onFocus={[Function]}
            onSubmitEditing={[Function]}
            p={3}
            pb={2}
            placeholder="Add your apt, floor, suite, etc."
            returnKeyType="next"
            style={
              Array [
                Object {
                  "borderColor": "#E5E5E5",
                  "borderStyle": "solid",
                  "borderWidth": 1,
                  "fontFamily": "AGaramondPro-Regular",
                  "fontSize": 16,
                  "height": 40,
                  "marginBottom": 10,
                  "paddingBottom": 5,
                  "paddingLeft": 10,
                  "paddingRight": 10,
                  "paddingTop": 10,
                },
                undefined,
              ]
            }
            value={undefined}
          />
        </View>
        <View
          mb={4}
          style={
            Array [
              Object {
                "marginBottom": 20,
              },
              undefined,
            ]
          }
        >
          <Text
            accessible={true}
            allowFontScaling={true}
            ellipsizeMode="tail"
            fontSize={3}
            lineHeight={5}
            mb={2}
            style={
              Array [
                Object {
                  "fontFamily": "AGaramondPro-Regular",
                  "fontSize": 16,
                  "lineHeight": 24,
                  "marginBottom": 5,
                },
                undefined,
              ]
            }
          >
            City
          </Text>
          <TextInput
            allowFontScaling={true}
            autoCapitalize="words"
            border={1}
            borderColor="black10"
            error={false}
            fontSize={3}
            inputRef={[Function]}
            mb={3}
            onBlur={[Function]}
            onChangeText={[Function]}
            onFocus={[Function]}
            onSubmitEditing={[Function]}
            p={3}
            pb={2}
            placeholder="Add your city"
            returnKeyType="next"
            style={
              Array [
                Object {
                  "borderColor": "#E5E5E5",
                  "borderStyle": "solid",
                  "borderWidth": 1,
                  "fontFamily": "AGaramondPro-Regular",
                  "fontSize": 16,
                  "height": 40,
                  "marginBottom": 10,
                  "paddingBottom": 5,
                  "paddingLeft": 10,
                  "paddingRight": 10,
                  "paddingTop": 10,
                },
                undefined,
              ]
            }
            value={undefined}
          />
        </View>
        <View
          mb={4}
          style={
            Array [
              Object {
                "marginBottom": 20,
              },
              undefined,
            ]
          }
        >
          <Text
            accessible={true}
            allowFontScaling={true}
            ellipsizeMode="tail"
            fontSize={3}
            lineHeight={5}
            mb={2}
            style={
              Array [
                Object {
                  "fontFamily": "AGaramondPro-Regular",
                  "fontSize": 16,
                  "lineHeight": 24,
                  "marginBottom": 5,
                },
                undefined,
              ]
            }
          >
            State, Province, or Region
          </Text>
          <TextInput
            allowFontScaling={true}
            autoCapitalize="words"
            border={1}
            borderColor="black10"
            error={false}
            fontSize={3}
            inputRef={[Function]}
            mb={3}
            onBlur={[Function]}
            onChangeText={[Function]}
            onFocus={[Function]}
            onSubmitEditing={[Function]}
            p={3}
            pb={2}
            placeholder="Add state, province, or region"
            returnKeyType="next"
            style={
              Array [
                Object {
                  "borderColor": "#E5E5E5",
                  "borderStyle": "solid",
                  "borderWidth": 1,
                  "fontFamily": "AGaramondPro-Regular",
                  "fontSize": 16,
                  "height": 40,
                  "marginBottom": 10,
                  "paddingBottom": 5,
                  "paddingLeft": 10,
                  "paddingRight": 10,
                  "paddingTop": 10,
                },
                undefined,
              ]
            }
            value={undefined}
          />
        </View>
        <View
          mb={4}
          style={
            Array [
              Object {
                "marginBottom": 20,
              },
              undefined,
            ]
          }
        >
          <Text
            accessible={true}
            allowFontScaling={true}
            ellipsizeMode="tail"
            fontSize={3}
            lineHeight={5}
            mb={2}
            style={
              Array [
                Object {
                  "fontFamily": "AGaramondPro-Regular",
                  "fontSize": 16,
                  "lineHeight": 24,
                  "marginBottom": 5,
                },
                undefined,
              ]
            }
          >
            Postal code
          </Text>
          <TextInput
            allowFontScaling={true}
            autoCapitalize="words"
            border={1}
            borderColor="black10"
            error={false}
            fontSize={3}
            inputRef={[Function]}
            mb={3}
            onBlur={[Function]}
            onChangeText={[Function]}
            onFocus={[Function]}
            onSubmitEditing={[Function]}
            p={3}
            pb={2}
            placeholder="Add your postal code"
            returnKeyType="next"
            style={
              Array [
                Object {
                  "borderColor": "#E5E5E5",
                  "borderStyle": "solid",
                  "borderWidth": 1,
                  "fontFamily": "AGaramondPro-Regular",
                  "fontSize": 16,
                  "height": 40,
                  "marginBottom": 10,
                  "paddingBottom": 5,
                  "paddingLeft": 10,
                  "paddingRight": 10,
                  "paddingTop": 10,
                },
                undefined,
              ]
            }
            value={undefined}
          />
        </View>
        <View
          mb={4}
          style={
            Array [
              Object {
                "marginBottom": 20,
              },
              undefined,
            ]
          }
        >
          <Text
            accessible={true}
            allowFontScaling={true}
            ellipsizeMode="tail"
            fontSize={3}
            lineHeight={5}
            mb={2}
            style={
              Array [
                Object {
                  "fontFamily": "AGaramondPro-Regular",
                  "fontSize": 16,
                  "lineHeight": 24,
                  "marginBottom": 5,
                },
                undefined,
              ]
            }
          >
            Country
          </Text>
          <View
            accessibilityComponentType={undefined}
            accessibilityLabel={undefined}
            accessibilityTraits={undefined}
            accessible={true}
            border={1}
            borderColor="black10"
            hitSlop={undefined}
            mb={3}
            nativeID={undefined}
            onLayout={undefined}
            onResponderGrant={[Function]}
            onResponderMove={[Function]}
            onResponderRelease={[Function]}
            onResponderTerminate={[Function]}
            onResponderTerminationRequest={[Function]}
            onStartShouldSetResponder={[Function]}
            p={3}
            pb={2}
            style={
              Array [
                Object {
                  "borderColor": "#E5E5E5",
                  "borderStyle": "solid",
                  "borderWidth": 1,
                  "marginBottom": 10,
                  "paddingBottom": 5,
                  "paddingLeft": 10,
                  "paddingRight": 10,
                  "paddingTop": 10,
                },
                undefined,
              ]
            }
            testID={undefined}
          >
            <Text
              accessible={true}
              allowFontScaling={true}
              color="black30"
              ellipsizeMode="tail"
              fontSize={3}
              lineHeight={5}
              style={
                Array [
                  Object {
                    "color": "#C2C2C2",
                    "fontFamily": "AGaramondPro-Regular",
                    "fontSize": 16,
                    "lineHeight": 24,
                  },
                  undefined,
                ]
              }
            >
              Select your country
            </Text>
          </View>
        </View>
        <View
          height={50}
          style={
            Array [
              Object {
                "height": 50,
              },
              undefined,
            ]
          }
        >
          <View
            accessibilityComponentType={undefined}
            accessibilityLabel={undefined}
            accessibilityTraits={undefined}
            accessible={true}
            hasTVPreferredFocus={undefined}
            hitSlop={undefined}
            isTVSelectable={true}
            nativeID={undefined}
            onLayout={undefined}
            onResponderGrant={[Function]}
            onResponderMove={[Function]}
            onResponderRelease={[Function]}
            onResponderTerminate={[Function]}
            onResponderTerminationRequest={[Function]}
            onStartShouldSetResponder={[Function]}
            style={
              Object {
                "alignItems": "center",
                "backgroundColor": "rgba(0, 0, 0, 1)",
                "borderRadius": 2,
                "flex": 1,
                "justifyContent": "center",
              }
            }
            testID={undefined}
            tvParallaxProperties={undefined}
          >
            <View
              style={null}
            >
              <Text
                accessible={true}
                allowFontScaling={true}
                ellipsizeMode="tail"
                style={
                  Array [
                    Object {
                      "fontSize": 14,
                    },
                    Object {
                      "color": "white",
                      "opacity": 1,
                    },
                    Object {
                      "fontFamily": "Unica77LL-Medium",
                    },
                  ]
                }
              >
                Add billing address
              </Text>
            </View>
          </View>
        </View>
      </View>
    </View>
  </RCTScrollView>
</View>
`;
