// Jest Snapshot v1, https://goo.gl/fbAQLP

exports[`renders properly 1`] = `
<View
  flex={1}
  flexDirection="column"
  justifyContent="space-between"
  m={0}
  style={
    Array [
      Object {
        "flexBasis": 0,
        "flexGrow": 1,
        "flexShrink": 1,
        "marginBottom": 0,
        "marginLeft": 0,
        "marginRight": 0,
        "marginTop": 0,
      },
      undefined,
    ]
  }
>
  <View
    alignItems="center"
    style={
      Array [
        Object {},
        undefined,
      ]
    }
  >
    <Text
      accessible={true}
      allowFontScaling={true}
      ellipsizeMode="tail"
      fontSize={5}
      lineHeight={7}
      m={4}
      mb={3}
      style={
        Array [
          Object {
            "fontFamily": "AGaramondPro-Semibold",
            "fontSize": 22,
            "lineHeight": 28,
            "marginBottom": 10,
            "marginLeft": 20,
            "marginRight": 20,
            "marginTop": 20,
            "textAlign": "center",
          },
          undefined,
        ]
      }
      textAlign="center"
    >
      Confirm your bid
    </Text>
    <View
      alignItems="center"
      style={
        Array [
          Object {},
          undefined,
        ]
      }
    >
      <Text
        accessible={true}
        allowFontScaling={true}
        ellipsizeMode="tail"
        fontSize={3}
        lineHeight={5}
        style={
          Array [
            Object {
              "fontFamily": "Unica77LL-Medium",
              "fontSize": 16,
              "lineHeight": 24,
            },
            undefined,
          ]
        }
      >
        NaN
        d
          
        NaN
        h
          
        NaN
        m
          
        NaN
        s
      </Text>
      <Text
        accessible={true}
        allowFontScaling={true}
        ellipsizeMode="tail"
        fontSize={1}
        lineHeight={1}
        style={
          Array [
            Object {
              "fontFamily": "Unica77LL-Medium",
              "fontSize": 12,
              "lineHeight": 16,
            },
            undefined,
          ]
        }
      >
        Ends Invalid date
      </Text>
    </View>
  </View>
  <View>
    <View
      alignItems="center"
      m={4}
      mt={0}
      style={
        Array [
          Object {
            "marginBottom": 20,
            "marginLeft": 20,
            "marginRight": 20,
            "marginTop": 0,
          },
          undefined,
        ]
      }
    >
      <Text
        accessible={true}
        allowFontScaling={true}
        ellipsizeMode="tail"
        fontSize={4}
        lineHeight={4}
        numberOfLines={1}
        style={
          Array [
            Object {
              "fontFamily": "AGaramondPro-Semibold",
              "fontSize": 18,
              "lineHeight": 22,
            },
            undefined,
          ]
        }
      >
        Makiko Kudo
      </Text>
      <Text
        accessible={true}
        allowFontScaling={true}
        ellipsizeMode="tail"
        fontSize={2}
        lineHeight={2}
        style={
          Array [
            Object {
              "fontFamily": "AGaramondPro-Semibold",
              "fontSize": 14,
              "lineHeight": 18,
            },
            undefined,
          ]
        }
      >
        Lot 
        538
      </Text>
      <Text
        accessible={true}
        allowFontScaling={true}
        color="black60"
        ellipsizeMode="tail"
        fontSize={2}
        lineHeight={2}
        numberOfLines={1}
        style={
          Array [
            Object {
              "color": "#666",
              "fontFamily": "AGaramondPro-Italic",
              "fontSize": 14,
              "lineHeight": 18,
              "textAlign": "center",
            },
            undefined,
          ]
        }
        textAlign="center"
      >
        Meteor Shower
        <Text
          accessible={true}
          allowFontScaling={true}
          ellipsizeMode="tail"
          fontSize={2}
          lineHeight={2}
          style={
            Array [
              Object {
                "fontFamily": "AGaramondPro-Regular",
                "fontSize": 14,
                "lineHeight": 18,
              },
              undefined,
            ]
          }
        >
          , 
          2015
        </Text>
      </Text>
    </View>
    <View
      border={1}
      borderBottomWidth={0}
      borderColor="black10"
      style={
        Array [
          Object {
            "borderColor": "#E5E5E5",
            "borderStyle": "solid",
            "borderWidth": 1,
            "width": "100%",
          },
          undefined,
        ]
      }
      width="100%"
    />
    <View
      accessibilityComponentType={undefined}
      accessibilityLabel={undefined}
      accessibilityTraits={undefined}
      accessible={true}
      alignItems="center"
      flexDirection="row"
      hitSlop={undefined}
      justifyContent="space-between"
      mb={1}
      nativeID={undefined}
      onLayout={undefined}
      onResponderGrant={[Function]}
      onResponderMove={[Function]}
      onResponderRelease={[Function]}
      onResponderTerminate={[Function]}
      onResponderTerminationRequest={[Function]}
      onStartShouldSetResponder={[Function]}
      p={4}
      pb={3}
      style={
        Array [
          Object {
            "marginBottom": 3,
            "paddingBottom": 10,
            "paddingLeft": 20,
            "paddingRight": 20,
            "paddingTop": 20,
          },
          undefined,
        ]
      }
      testID={undefined}
    >
      <View
        flex={1}
        style={
          Array [
            Object {
              "flexBasis": 0,
              "flexGrow": 1,
              "flexShrink": 1,
            },
            undefined,
          ]
        }
      >
        <Text
          accessible={true}
          allowFontScaling={true}
          ellipsizeMode="tail"
          fontSize={3}
          lineHeight={5}
          style={
            Array [
              Object {
                "fontFamily": "AGaramondPro-Semibold",
                "fontSize": 16,
                "lineHeight": 24,
              },
              undefined,
            ]
          }
        >
          Max bid
        </Text>
      </View>
      <View
        alignItems="flex-end"
        flex={1}
        style={
          Array [
            Object {
              "flexBasis": 0,
              "flexGrow": 1,
              "flexShrink": 1,
            },
            undefined,
          ]
        }
      >
        <Text
          accessible={true}
          allowFontScaling={true}
          ellipsizeMode="tail"
          fontSize={3}
          lineHeight={5}
          numberOfLines={1}
          style={
            Array [
              Object {
                "fontFamily": "AGaramondPro-Regular",
                "fontSize": 16,
                "lineHeight": 24,
              },
              undefined,
            ]
          }
        >
          $45,000
        </Text>
      </View>
      <View
        alignItems="flex-end"
        flex={null}
        flexBasis="auto"
        flexGrow={0}
        flexShrink={0}
        style={
          Array [
            Object {},
            undefined,
          ]
        }
      >
        <Text
          accessible={true}
          allowFontScaling={true}
          color="purple100"
          ellipsizeMode="tail"
          fontSize={1}
          lineHeight={1}
          mb={1}
          ml={3}
          style={
            Array [
              Object {
                "color": "#6E1EFF",
                "fontFamily": "Unica77LL-Regular",
                "fontSize": 12,
                "lineHeight": 16,
                "marginBottom": 3,
                "marginLeft": 10,
              },
              undefined,
            ]
          }
        >
          Edit
        </Text>
      </View>
    </View>
    <View
      border={1}
      borderBottomWidth={0}
      borderColor="black10"
      mb={9}
      style={
        Array [
          Object {
            "borderColor": "#E5E5E5",
            "borderStyle": "solid",
            "borderWidth": 1,
            "marginBottom": 120,
            "width": "100%",
          },
          undefined,
        ]
      }
      width="100%"
    />
    <View
      style={
        Object {
          "marginTop": 22,
        }
      }
    >
      <Modal
        animationType="fade"
        hardwareAccelerated={false}
        transparent={true}
        visible={false}
      >
        <View
          accessibilityComponentType={undefined}
          accessibilityLabel={undefined}
          accessibilityTraits={undefined}
          accessible={true}
          hitSlop={undefined}
          nativeID={undefined}
          onLayout={undefined}
          onResponderGrant={[Function]}
          onResponderMove={[Function]}
          onResponderRelease={[Function]}
          onResponderTerminate={[Function]}
          onResponderTerminationRequest={[Function]}
          onStartShouldSetResponder={[Function]}
          style={
            Array [
              Object {
                "alignItems": "center",
                "backgroundColor": "#00000099",
                "flexBasis": 0,
                "flexDirection": "column",
                "flexGrow": 1,
                "flexShrink": 1,
                "justifyContent": "center",
              },
              undefined,
            ]
          }
          testID={undefined}
        >
          <View
            accessibilityComponentType={undefined}
            accessibilityLabel={undefined}
            accessibilityTraits={undefined}
            accessible={true}
            hitSlop={undefined}
            nativeID={undefined}
            onLayout={undefined}
            onResponderGrant={[Function]}
            onResponderMove={[Function]}
            onResponderRelease={[Function]}
            onResponderTerminate={[Function]}
            onResponderTerminationRequest={[Function]}
            onStartShouldSetResponder={[Function]}
            style={
              Array [
                Object {
                  "backgroundColor": "white",
                  "borderRadius": 2,
                  "opacity": 1,
                  "paddingBottom": 20,
                  "paddingLeft": 20,
                  "paddingRight": 20,
                  "paddingTop": 20,
                  "width": 300,
                },
                undefined,
              ]
            }
            testID={undefined}
          >
            <View
              style={
                Object {
                  "paddingBottom": 10,
                }
              }
            >
              <Text
                accessible={true}
                allowFontScaling={true}
                ellipsizeMode="tail"
                fontSize={2}
                lineHeight={5}
                style={
                  Array [
                    Object {
                      "fontFamily": "Unica77LL-Medium",
                      "fontSize": 14,
                      "lineHeight": 24,
                    },
                    undefined,
                  ]
                }
              >
                An error occurred
              </Text>
            </View>
            <View
              style={
                Object {
                  "paddingBottom": 30,
                }
              }
            >
              <Text
                accessible={true}
                allowFontScaling={true}
                color="#666"
                ellipsizeMode="tail"
                fontSize={2}
                lineHeight={5}
                style={
                  Array [
                    Object {
                      "color": "#666",
                      "fontFamily": "Unica77LL-Regular",
                      "fontSize": 14,
                      "lineHeight": 24,
                    },
                    undefined,
                  ]
                }
              >
                
              </Text>
            </View>
            <View
              accessibilityComponentType={undefined}
              accessibilityLabel={undefined}
              accessibilityTraits={undefined}
              accessible={true}
              collapsable={undefined}
              hitSlop={undefined}
              nativeID={undefined}
              onLayout={undefined}
              onResponderGrant={[Function]}
              onResponderMove={[Function]}
              onResponderRelease={[Function]}
              onResponderTerminate={[Function]}
              onResponderTerminationRequest={[Function]}
              onStartShouldSetResponder={[Function]}
              style={
                Object {
                  "alignItems": "center",
                  "backgroundColor": "rgba(255, 255, 255, 1)",
                  "borderColor": "rgba(229, 229, 229, 1)",
                  "borderRadius": 2,
                  "borderWidth": 2,
                  "height": 40,
                  "justifyContent": "center",
                  "opacity": 1,
                }
              }
              testID={undefined}
            >
              <Text
                accessible={true}
                allowFontScaling={true}
                ellipsizeMode="tail"
                style={
                  Array [
                    Object {
                      "fontSize": 12,
                    },
                    Object {
                      "fontFamily": "AvantGardeGothicITC",
                    },
                    Object {
                      "color": "rgba(0, 0, 0, 1)",
                      "fontFamily": "Unica77LL-Medium",
                      "fontSize": 14,
                      "opacity": 1,
                    },
                  ]
                }
              >
                Ok
              </Text>
            </View>
          </View>
        </View>
      </Modal>
    </View>
  </View>
  <View>
    <View
      accessibilityComponentType={undefined}
      accessibilityLabel={undefined}
      accessibilityTraits={undefined}
      accessible={true}
      alignItems="center"
      flexDirection="row"
      hitSlop={undefined}
      justifyContent="center"
      mb={4}
      nativeID={undefined}
      onLayout={undefined}
      onPress={[Function]}
      onResponderGrant={[Function]}
      onResponderMove={[Function]}
      onResponderRelease={[Function]}
      onResponderTerminate={[Function]}
      onResponderTerminationRequest={[Function]}
      onStartShouldSetResponder={[Function]}
      style={
        Array [
          Object {
            "marginBottom": 20,
          },
          undefined,
        ]
      }
      testID={undefined}
    >
      <View
        animate={
          Array [
            "backgroundColor",
            "borderColor",
          ]
        }
        collapsable={undefined}
        style={
          Object {
            "alignItems": "center",
            "backgroundColor": "rgba(255, 255, 255, 1)",
            "borderColor": "rgba(229, 229, 229, 1)",
            "borderStyle": "solid",
            "borderWidth": 2,
            "display": "flex",
            "height": 20,
            "justifyContent": "center",
            "marginRight": 10,
            "width": 20,
          }
        }
      />
      <View
        style={
          Array [
            Object {},
            undefined,
          ]
        }
      >
        <Text
          accessible={true}
          allowFontScaling={true}
          color="black60"
          ellipsizeMode="tail"
          fontSize={2}
          lineHeight={2}
          mt={2}
          style={
            Array [
              Object {
                "color": "#666",
                "fontFamily": "AGaramondPro-Regular",
                "fontSize": 14,
                "lineHeight": 18,
                "marginTop": 5,
              },
              undefined,
            ]
          }
        >
          You agree to
           
          <Text
            accessible={true}
            allowFontScaling={true}
            ellipsizeMode="tail"
            onPress={[Function]}
            style={
              Array [
                Object {
                  "textDecorationLine": "underline",
                },
                undefined,
              ]
            }
          >
            Conditions of Sale
          </Text>
          .
        </Text>
      </View>
    </View>
    <View
      m={4}
      style={
        Array [
          Object {
            "marginBottom": 20,
            "marginLeft": 20,
            "marginRight": 20,
            "marginTop": 20,
          },
          undefined,
        ]
      }
    >
      <View
        height={50}
        style={
          Array [
            Object {
              "height": 50,
            },
            undefined,
          ]
        }
      >
        <View
          accessibilityComponentType={undefined}
          accessibilityLabel={undefined}
          accessibilityTraits={undefined}
          accessible={true}
          hasTVPreferredFocus={undefined}
          hitSlop={undefined}
          isTVSelectable={true}
          nativeID={undefined}
          onLayout={undefined}
          onResponderGrant={[Function]}
          onResponderMove={[Function]}
          onResponderRelease={[Function]}
          onResponderTerminate={[Function]}
          onResponderTerminationRequest={[Function]}
          onStartShouldSetResponder={[Function]}
          style={
            Object {
              "alignItems": "center",
              "backgroundColor": "rgba(229, 229, 229, 1)",
              "borderRadius": 2,
              "flex": 1,
              "justifyContent": "center",
            }
          }
          testID={undefined}
          tvParallaxProperties={undefined}
        >
          <View
            style={null}
          >
            <Text
              accessible={true}
              allowFontScaling={true}
              ellipsizeMode="tail"
              style={
                Array [
                  Object {
                    "fontSize": 14,
                  },
                  Object {
                    "color": "white",
                    "opacity": 1,
                  },
                  Object {
                    "fontFamily": "Unica77LL-Medium",
                  },
                ]
              }
            >
              Bid
            </Text>
          </View>
        </View>
      </View>
    </View>
  </View>
</View>
`;
