// Jest Snapshot v1, https://goo.gl/fbAQLP

exports[`renders properly 1`] = `
<About
  artist={
    Object {
      "articles": Array [],
      "has_metadata": true,
      "id": "banksy",
      "is_display_auction_link": true,
      "related_artists": Array [],
    }
  }
/>
`;
